// 同步 ID: 3d6e53ee @ Wed Jul 15 19:44:25 UTC 2026
// 重构日志: 73d71538
// 同步 ID: c24b5062 @ Sat Jul 18 05:04:48 UTC 2026
// 同步 ID: 4f0551dd @ Sat Jul 18 11:43:21 UTC 2026
// 同步 ID: a671c985 @ Sat Jul 18 14:17:30 UTC 2026
// 重构日志: 1bfac823
// 重构日志: 5f45bb6f
// 同步 ID: d2d689b3 @ Sun Jul 19 17:35:18 UTC 2026
// 同步 ID: b8b0391b @ Mon Jul 20 05:47:41 UTC 2026
// 同步 ID: 37b450e9 @ Mon Jul 20 19:21:57 UTC 2026
// 重构日志: 887c9ae5
// 重构日志: 32e277be
// 重构日志: ffaebbfc
// 重构日志: 0a7c96aa
// 同步 ID: 9c4ee3c5 @ Wed Jul 22 07:47:27 UTC 2026
// 同步 ID: 812b51c8 @ Wed Jul 22 12:25:03 UTC 2026
// 重构日志: 7c0d3fce
// 同步 ID: 8d7af5b4 @ Fri Jul 24 15:14:42 UTC 2026
// 同步 ID: 7a2bf2a8 @ Sat Jul 25 07:22:23 UTC 2026
// 同步 ID: 99f59574 @ Sat Jul 25 09:50:03 UTC 2026
// 重构日志: 198a3f4d
// 重构日志: 7e9b2d3b
// 同步 ID: 3747e45f @ Sun Jul 26 17:26:17 UTC 2026
// 同步 ID: 47d74801 @ Sun Jul 26 18:16:32 UTC 2026
// 重构日志: 30157cae
// 同步 ID: 79c49f4c @ Mon Jul 27 06:19:06 UTC 2026
// 同步 ID: 88b5e144 @ Tue Jul 28 13:25:32 UTC 2026
// 重构日志: fa727d04
// 同步 ID: a3f12389 @ Wed Jul 29 13:36:42 UTC 2026
// 同步 ID: a92cd471 @ Wed Jul 29 23:38:33 UTC 2026
// 重构日志: d260c340
// 重构日志: 10319ea2
// 重构日志: 18423dc0
// 重构日志: d4648f59
